
K.Kaori@DESKTOP-F553R8K MINGW64 ~/Desktop/Git_kadai
$ mkdir git_challenge

K.Kaori@DESKTOP-F553R8K MINGW64 ~/Desktop/Git_kadai
$ cd git_challenge

K.Kaori@DESKTOP-F553R8K MINGW64 ~/Desktop/Git_kadai/git_challenge
$ git init
Initialized empty Git repository in C:/Users/K.Kaori/Desktop/Git_kadai/git_challenge/.git/

K.Kaori@DESKTOP-F553R8K MINGW64 ~/Desktop/Git_kadai/git_challenge (main)
$ echo  Hello, world!" >> hello_world.txt

K.Kaori@DESKTOP-F553R8K MINGW64 ~/Desktop/Git_kadai/git_challenge (main)
$ git commit -m "hello_world.txtを追加"
[main (root-commit) 4f2be20] hello_world.txtを追加
 1 file changed, 1 insertion(+)
 create mode 100644 hello_world.txt

K.Kaori@DESKTOP-F553R8K MINGW64 ~/Desktop/Git_kadai/git_challenge (main)
$ echo "こんにちは、世界！" >> hello_world.txt

K.Kaori@DESKTOP-F553R8K MINGW64 ~/Desktop/Git_kadai/git_challenge (main)
$ git add hello_world.txt

K.Kaori@DESKTOP-F553R8K MINGW64 ~/Desktop/Git_kadai/git_challenge (main)
$ git commit -m "日本語訳を追記"
[main 181b3ae] 日本語訳を追記
 1 file changed, 2 insertions(+), 1 deletion(-)

K.Kaori@DESKTOP-F553R8K MINGW64 ~/Desktop/Git_kadai/git_challenge (main)
$ git log --oneline
181b3ae (HEAD -> main) 日本語訳を追記
4f2be20 hello_world.txtを追加
